Archive member included to satisfy reference by file (symbol)

d:/stm32/stm32cubeide/stm32cubeide_1.12.1/stm32cubeide/plugins/com.st.stm32cube.ide.mcu.externaltools.gnu-tools-for-stm32.10.3-2021.10.win32_1.0.200.202301161003/tools/bin/../lib/gcc/arm-none-eabi/10.3.1/../../../../arm-none-eabi/lib/thumb/v7e-m+fp/hard\libc_nano.a(lib_a-errno.o)
                              ./Core/Src/syscalls.o (__errno)
d:/stm32/stm32cubeide/stm32cubeide_1.12.1/stm32cubeide/plugins/com.st.stm32cube.ide.mcu.externaltools.gnu-tools-for-stm32.10.3-2021.10.win32_1.0.200.202301161003/tools/bin/../lib/gcc/arm-none-eabi/10.3.1/../../../../arm-none-eabi/lib/thumb/v7e-m+fp/hard\libc_nano.a(lib_a-exit.o)
                              d:/stm32/stm32cubeide/stm32cubeide_1.12.1/stm32cubeide/plugins/com.st.stm32cube.ide.mcu.externaltools.gnu-tools-for-stm32.10.3-2021.10.win32_1.0.200.202301161003/tools/bin/../lib/gcc/arm-none-eabi/10.3.1/../../../../arm-none-eabi/lib/thumb/v7e-m+fp/hard/crt0.o (exit)
d:/stm32/stm32cubeide/stm32cubeide_1.12.1/stm32cubeide/plugins/com.st.stm32cube.ide.mcu.externaltools.gnu-tools-for-stm32.10.3-2021.10.win32_1.0.200.202301161003/tools/bin/../lib/gcc/arm-none-eabi/10.3.1/../../../../arm-none-eabi/lib/thumb/v7e-m+fp/hard\libc_nano.a(lib_a-impure.o)
                              d:/stm32/stm32cubeide/stm32cubeide_1.12.1/stm32cubeide/plugins/com.st.stm32cube.ide.mcu.externaltools.gnu-tools-for-stm32.10.3-2021.10.win32_1.0.200.202301161003/tools/bin/../lib/gcc/arm-none-eabi/10.3.1/../../../../arm-none-eabi/lib/thumb/v7e-m+fp/hard\libc_nano.a(lib_a-exit.o) (_global_impure_ptr)
d:/stm32/stm32cubeide/stm32cubeide_1.12.1/stm32cubeide/plugins/com.st.stm32cube.ide.mcu.externaltools.gnu-tools-for-stm32.10.3-2021.10.win32_1.0.200.202301161003/tools/bin/../lib/gcc/arm-none-eabi/10.3.1/../../../../arm-none-eabi/lib/thumb/v7e-m+fp/hard\libc_nano.a(lib_a-init.o)
                              d:/stm32/stm32cubeide/stm32cubeide_1.12.1/stm32cubeide/plugins/com.st.stm32cube.ide.mcu.externaltools.gnu-tools-for-stm32.10.3-2021.10.win32_1.0.200.202301161003/tools/bin/../lib/gcc/arm-none-eabi/10.3.1/../../../../arm-none-eabi/lib/thumb/v7e-m+fp/hard/crt0.o (__libc_init_array)
d:/stm32/stm32cubeide/stm32cubeide_1.12.1/stm32cubeide/plugins/com.st.stm32cube.ide.mcu.externaltools.gnu-tools-for-stm32.10.3-2021.10.win32_1.0.200.202301161003/tools/bin/../lib/gcc/arm-none-eabi/10.3.1/../../../../arm-none-eabi/lib/thumb/v7e-m+fp/hard\libc_nano.a(lib_a-memset.o)
                              d:/stm32/stm32cubeide/stm32cubeide_1.12.1/stm32cubeide/plugins/com.st.stm32cube.ide.mcu.externaltools.gnu-tools-for-stm32.10.3-2021.10.win32_1.0.200.202301161003/tools/bin/../lib/gcc/arm-none-eabi/10.3.1/../../../../arm-none-eabi/lib/thumb/v7e-m+fp/hard/crt0.o (memset)

Discarded input sections

 .text          0x0000000000000000        0x0 d:/stm32/stm32cubeide/stm32cubeide_1.12.1/stm32cubeide/plugins/com.st.stm32cube.ide.mcu.externaltools.gnu-tools-for-stm32.10.3-2021.10.win32_1.0.200.202301161003/tools/bin/../lib/gcc/arm-none-eabi/10.3.1/thumb/v7e-m+fp/hard/crti.o
 .data          0x0000000000000000        0x0 d:/stm32/stm32cubeide/stm32cubeide_1.12.1/stm32cubeide/plugins/com.st.stm32cube.ide.mcu.externaltools.gnu-tools-for-stm32.10.3-2021.10.win32_1.0.200.202301161003/tools/bin/../lib/gcc/arm-none-eabi/10.3.1/thumb/v7e-m+fp/hard/crti.o
 .bss           0x0000000000000000        0x0 d:/stm32/stm32cubeide/stm32cubeide_1.12.1/stm32cubeide/plugins/com.st.stm32cube.ide.mcu.externaltools.gnu-tools-for-stm32.10.3-2021.10.win32_1.0.200.202301161003/tools/bin/../lib/gcc/arm-none-eabi/10.3.1/thumb/v7e-m+fp/hard/crti.o
 .data          0x0000000000000000        0x4 d:/stm32/stm32cubeide/stm32cubeide_1.12.1/stm32cubeide/plugins/com.st.stm32cube.ide.mcu.externaltools.gnu-tools-for-stm32.10.3-2021.10.win32_1.0.200.202301161003/tools/bin/../lib/gcc/arm-none-eabi/10.3.1/thumb/v7e-m+fp/hard/crtbegin.o
 .rodata        0x0000000000000000       0x24 d:/stm32/stm32cubeide/stm32cubeide_1.12.1/stm32cubeide/plugins/com.st.stm32cube.ide.mcu.externaltools.gnu-tools-for-stm32.10.3-2021.10.win32_1.0.200.202301161003/tools/bin/../lib/gcc/arm-none-eabi/10.3.1/thumb/v7e-m+fp/hard/crtbegin.o
 .text          0x0000000000000000       0x7c d:/stm32/stm32cubeide/stm32cubeide_1.12.1/stm32cubeide/plugins/com.st.stm32cube.ide.mcu.externaltools.gnu-tools-for-stm32.10.3-2021.10.win32_1.0.200.202301161003/tools/bin/../lib/gcc/arm-none-eabi/10.3.1/../../../../arm-none-eabi/lib/thumb/v7e-m+fp/hard/crt0.o
 .data          0x0000000000000000        0x0 d:/stm32/stm32cubeide/stm32cubeide_1.12.1/stm32cubeide/plugins/com.st.stm32cube.ide.mcu.externaltools.gnu-tools-for-stm32.10.3-2021.10.win32_1.0.200.202301161003/tools/bin/../lib/gcc/arm-none-eabi/10.3.1/../../../../arm-none-eabi/lib/thumb/v7e-m+fp/hard/crt0.o
[...]
Memory Configuration

Name             Origin             Length             Attributes
RAM              0x0000000020000000 0x0000000000018000 xrw
RAM2             0x0000000010000000 0x0000000000008000 xrw
FLASH            0x0000000008000000 0x0000000000100000 xr
*default*        0x0000000000000000 0xffffffffffffffff

Linker script and memory map

LOAD d:/stm32/stm32cubeide/stm32cubeide_1.12.1/stm32cubeide/plugins/com.st.stm32cube.ide.mcu.externaltools.gnu-tools-for-stm32.10.3-2021.10.win32_1.0.200.202301161003/tools/bin/../lib/gcc/arm-none-eabi/10.3.1/thumb/v7e-m+fp/hard/crti.o
LOAD d:/stm32/stm32cubeide/stm32cubeide_1.12.1/stm32cubeide/plugins/com.st.stm32cube.ide.mcu.externaltools.gnu-tools-for-stm32.10.3-2021.10.win32_1.0.200.202301161003/tools/bin/../lib/gcc/arm-none-eabi/10.3.1/thumb/v7e-m+fp/hard/crtbegin.o
LOAD d:/stm32/stm32cubeide/stm32cubeide_1.12.1/stm32cubeide/plugins/com.st.stm32cube.ide.mcu.externaltools.gnu-tools-for-stm32.10.3-2021.10.win32_1.0.200.202301161003/tools/bin/../lib/gcc/arm-none-eabi/10.3.1/../../../../arm-none-eabi/lib/thumb/v7e-m+fp/hard/crt0.o
LOAD ./Core/Src/main.o
LOAD ./Core/Src/stm32f1_rc522.o
LOAD ./Core/Src/stm32l4xx_hal_msp.o
LOAD ./Core/Src/stm32l4xx_it.o
LOAD ./Core/Src/syscalls.o
LOAD ./Core/Src/sysmem.o
LOAD ./Core/Src/system_stm32l4xx.o
LOAD ./Core/Startup/startup_stm32l476rgtx.o
LOAD ./Drivers/STM32L4xx_HAL_Driver/Src/stm32l4xx_hal.o
LOAD ./Drivers/STM32L4xx_HAL_Driver/Src/stm32l4xx_hal_adc.o
LOAD ./Drivers/STM32L4xx_HAL_Driver/Src/stm32l4xx_hal_adc_ex.o
LOAD ./Drivers/STM32L4xx_HAL_Driver/Src/stm32l4xx_hal_cortex.o
LOAD ./Drivers/STM32L4xx_HAL_Driver/Src/stm32l4xx_hal_dma.o
LOAD ./Drivers/STM32L4xx_HAL_Driver/Src/stm32l4xx_hal_dma_ex.o
LOAD ./Drivers/STM32L4xx_HAL_Driver/Src/stm32l4xx_hal_exti.o
LOAD ./Drivers/STM32L4xx_HAL_Driver/Src/stm32l4xx_hal_flash.o
LOAD ./Drivers/STM32L4xx_HAL_Driver/Src/stm32l4xx_hal_flash_ex.o
LOAD ./Drivers/STM32L4xx_HAL_Driver/Src/stm32l4xx_hal_flash_ramfunc.o
LOAD ./Drivers/STM32L4xx_HAL_Driver/Src/stm32l4xx_hal_gpio.o
LOAD ./Drivers/STM32L4xx_HAL_Driver/Src/stm32l4xx_hal_pwr.o
LOAD ./Drivers/STM32L4xx_HAL_Driver/Src/stm32l4xx_hal_pwr_ex.o
LOAD ./Drivers/STM32L4xx_HAL_Driver/Src/stm32l4xx_hal_rcc.o
LOAD ./Drivers/STM32L4xx_HAL_Driver/Src/stm32l4xx_hal_rcc_ex.o
LOAD ./Drivers/STM32L4xx_HAL_Driver/Src/stm32l4xx_hal_spi.o
LOAD ./Drivers/STM32L4xx_HAL_Driver/Src/stm32l4xx_hal_spi_ex.o
LOAD ./Drivers/STM32L4xx_HAL_Driver/Src/stm32l4xx_hal_tim.o
LOAD ./Drivers/STM32L4xx_HAL_Driver/Src/stm32l4xx_hal_tim_ex.o
START GROUP
LOAD d:/stm32/stm32cubeide/stm32cubeide_1.12.1/stm32cubeide/plugins/com.st.stm32cube.ide.mcu.externaltools.gnu-tools-for-stm32.10.3-2021.10.win32_1.0.200.202301161003/tools/bin/../lib/gcc/arm-none-eabi/10.3.1/../../../../arm-none-eabi/lib/thumb/v7e-m+fp/hard\libc_nano.a
LOAD d:/stm32/stm32cubeide/stm32cubeide_1.12.1/stm32cubeide/plugins/com.st.stm32cube.ide.mcu.externaltools.gnu-tools-for-stm32.10.3-2021.10.win32_1.0.200.202301161003/tools/bin/../lib/gcc/arm-none-eabi/10.3.1/../../../../arm-none-eabi/lib/thumb/v7e-m+fp/hard\libm.a
END GROUP
START GROUP
LOAD d:/stm32/stm32cubeide/stm32cubeide_1.12.1/stm32cubeide/plugins/com.st.stm32cube.ide.mcu.externaltools.gnu-tools-for-stm32.10.3-2021.10.win32_1.0.200.202301161003/tools/bin/../lib/gcc/arm-none-eabi/10.3.1/thumb/v7e-m+fp/hard\libgcc.a
LOAD d:/stm32/stm32cubeide/stm32cubeide_1.12.1/stm32cubeide/plugins/com.st.stm32cube.ide.mcu.externaltools.gnu-tools-for-stm32.10.3-2021.10.win32_1.0.200.202301161003/tools/bin/../lib/gcc/arm-none-eabi/10.3.1/../../../../arm-none-eabi/lib/thumb/v7e-m+fp/hard\libc_nano.a
END GROUP
START GROUP
LOAD d:/stm32/stm32cubeide/stm32cubeide_1.12.1/stm32cubeide/plugins/com.st.stm32cube.ide.mcu.externaltools.gnu-tools-for-stm32.10.3-2021.10.win32_1.0.200.202301161003/tools/bin/../lib/gcc/arm-none-eabi/10.3.1/thumb/v7e-m+fp/hard\libgcc.a
LOAD d:/stm32/stm32cubeide/stm32cubeide_1.12.1/stm32cubeide/plugins/com.st.stm32cube.ide.mcu.externaltools.gnu-tools-for-stm32.10.3-2021.10.win32_1.0.200.202301161003/tools/bin/../lib/gcc/arm-none-eabi/10.3.1/../../../../arm-none-eabi/lib/thumb/v7e-m+fp/hard\libc_nano.a
LOAD d:/stm32/stm32cubeide/stm32cubeide_1.12.1/stm32cubeide/plugins/com.st.stm32cube.ide.mcu.externaltools.gnu-tools-for-stm32.10.3-2021.10.win32_1.0.200.202301161003/tools/bin/../lib/gcc/arm-none-eabi/10.3.1/../../../../arm-none-eabi/lib/thumb/v7e-m+fp/hard\libnosys.a
END GROUP
START GROUP
LOAD d:/stm32/stm32cubeide/stm32cubeide_1.12.1/stm32cubeide/plugins/com.st.stm32cube.ide.mcu.externaltools.gnu-tools-for-stm32.10.3-2021.10.win32_1.0.200.202301161003/tools/bin/../lib/gcc/arm-none-eabi/10.3.1/thumb/v7e-m+fp/hard\libgcc.a
LOAD d:/stm32/stm32cubeide/stm32cubeide_1.12.1/stm32cubeide/plugins/com.st.stm32cube.ide.mcu.externaltools.gnu-tools-for-stm32.10.3-2021.10.win32_1.0.200.202301161003/tools/bin/../lib/gcc/arm-none-eabi/10.3.1/../../../../arm-none-eabi/lib/thumb/v7e-m+fp/hard\libc_nano.a
LOAD d:/stm32/stm32cubeide/stm32cubeide_1.12.1/stm32cubeide/plugins/com.st.stm32cube.ide.mcu.externaltools.gnu-tools-for-stm32.10.3-2021.10.win32_1.0.200.202301161003/tools/bin/../lib/gcc/arm-none-eabi/10.3.1/../../../../arm-none-eabi/lib/thumb/v7e-m+fp/hard\libnosys.a
END GROUP
LOAD d:/stm32/stm32cubeide/stm32cubeide_1.12.1/stm32cubeide/plugins/com.st.stm32cube.ide.mcu.externaltools.gnu-tools-for-stm32.10.3-2021.10.win32_1.0.200.202301161003/tools/bin/../lib/gcc/arm-none-eabi/10.3.1/thumb/v7e-m+fp/hard/crtend.o
LOAD d:/stm32/stm32cubeide/stm32cubeide_1.12.1/stm32cubeide/plugins/com.st.stm32cube.ide.mcu.externaltools.gnu-tools-for-stm32.10.3-2021.10.win32_1.0.200.202301161003/tools/bin/../lib/gcc/arm-none-eabi/10.3.1/thumb/v7e-m+fp/hard/crtn.o
                0x0000000020018000                _estack = (ORIGIN (RAM) + LENGTH (RAM))
                0x0000000000000200                _Min_Heap_Size = 0x200
                0x0000000000000400                _Min_Stack_Size = 0x400

.isr_vector     0x0000000008000000      0x188
                0x0000000008000000                . = ALIGN (0x4)
 *(.isr_vector)
 .isr_vector    0x0000000008000000      0x188 ./Core/Startup/startup_stm32l476rgtx.o
                0x0000000008000000                g_pfnVectors
                0x0000000008000188                . = ALIGN (0x4)

.text           0x0000000008000188     0x6144
                0x0000000008000188                . = ALIGN (0x4)
 *(.text)
 .text          0x0000000008000188       0x40 d:/stm32/stm32cubeide/stm32cubeide_1.12.1/stm32cubeide/plugins/com.st.stm32cube.ide.mcu.externaltools.gnu-tools-for-stm32.10.3-2021.10.win32_1.0.200.202301161003/tools/bin/../lib/gcc/arm-none-eabi/10.3.1/thumb/v7e-m+fp/hard/crtbegin.o
 *(.text*)
 .text.HAL_GPIO_EXTI_Callback
                0x00000000080001c8       0x34 ./Core/Src/main.o
                0x00000000080001c8                HAL_GPIO_EXTI_Callback
 .text.HAL_ADC_ConvCpltCallback
                0x00000000080001fc       0x3c ./Core/Src/main.o
                0x00000000080001fc                HAL_ADC_ConvCpltCallback
 .text.main     0x0000000008000238      0x214 ./Core/Src/main.o
                0x0000000008000238                main
 .text.SystemClock_Config
                0x000000000800044c       0xa2 ./Core/Src/main.o
                0x000000000800044c                SystemClock_Config
 *fill*         0x00000000080004ee        0x2 
 .text.MX_ADC1_Init
                0x00000000080004f0      0x10c ./Core/Src/main.o
 .text.MX_SPI1_Init
                0x00000000080005fc       0x7c ./Core/Src/main.o
 .text.MX_TIM1_Init
                0x0000000008000678      0x15c ./Core/Src/main.o
 .text.MX_DMA_Init
                0x00000000080007d4       0x3c ./Core/Src/main.o
 .text.MX_GPIO_Init
                0x0000000008000810      0x144 ./Core/Src/main.o
 .text.Error_Handler
                0x0000000008000954        0xa ./Core/Src/main.o
                0x0000000008000954                Error_Handler
 *fill*         0x000000000800095e        0x2 
 .text.RC522_SPI_Transfer
                0x0000000008000960       0x2c ./Core/Src/stm32f1_rc522.o
                0x0000000008000960                RC522_SPI_Transfer
 .text.Write_MFRC522
                0x000000000800098c       0x50 ./Core/Src/stm32f1_rc522.o
                0x000000000800098c                Write_MFRC522
 .text.Read_MFRC522
                0x00000000080009dc       0x54 ./Core/Src/stm32f1_rc522.o
                0x00000000080009dc                Read_MFRC522
 .text.SetBitMask
                0x0000000008000a30       0x36 ./Core/Src/stm32f1_rc522.o
                0x0000000008000a30                SetBitMask
 .text.ClearBitMask
                0x0000000008000a66       0x40 ./Core/Src/stm32f1_rc522.o
                0x0000000008000a66                ClearBitMask
 .text.MFRC522_ToCard
                0x0000000008000aa6      0x192 ./Core/Src/stm32f1_rc522.o
                0x0000000008000aa6                MFRC522_ToCard
 .text.MFRC522_Request
                0x0000000008000c38       0x4a ./Core/Src/stm32f1_rc522.o
                0x0000000008000c38                MFRC522_Request
 .text.MFRC522_Anticoll
                0x0000000008000c82       0x7a ./Core/Src/stm32f1_rc522.o
                0x0000000008000c82                MFRC522_Anticoll
 .text.CalulateCRC
                0x0000000008000cfc       0x92 ./Core/Src/stm32f1_rc522.o
                0x0000000008000cfc                CalulateCRC
 .text.MFRC522_SelectTag
                0x0000000008000d8e       0x84 ./Core/Src/stm32f1_rc522.o
                0x0000000008000d8e                MFRC522_SelectTag
 .text.MFRC522_Auth
                0x0000000008000e12       0xc6 ./Core/Src/stm32f1_rc522.o
                0x0000000008000e12                MFRC522_Auth
 .text.MFRC522_Read
                0x0000000008000ed8       0x58 ./Core/Src/stm32f1_rc522.o
                0x0000000008000ed8                MFRC522_Read
 .text.MFRC522_Write
                0x0000000008000f30       0xf6 ./Core/Src/stm32f1_rc522.o
                0x0000000008000f30                MFRC522_Write
 *fill*         0x0000000008001026        0x2 
 .text.HAL_MspInit
                0x0000000008001028       0x48 ./Core/Src/stm32l4xx_hal_msp.o
                0x0000000008001028                HAL_MspInit
 .text.HAL_ADC_MspInit
                0x0000000008001070      0x130 ./Core/Src/stm32l4xx_hal_msp.o
                0x0000000008001070                HAL_ADC_MspInit
 .text.HAL_SPI_MspInit
                0x00000000080011a0       0x84 ./Core/Src/stm32l4xx_hal_msp.o
                0x00000000080011a0                HAL_SPI_MspInit
 .text.HAL_TIM_Base_MspInit
                0x0000000008001224       0x40 ./Core/Src/stm32l4xx_hal_msp.o
                0x0000000008001224                HAL_TIM_Base_MspInit
 .text.HAL_TIM_MspPostInit
                0x0000000008001264       0x70 ./Core/Src/stm32l4xx_hal_msp.o
                0x0000000008001264                HAL_TIM_MspPostInit
 .text.NMI_Handler
                0x00000000080012d4        0x6 ./Core/Src/stm32l4xx_it.o
                0x00000000080012d4                NMI_Handler
 .text.HardFault_Handler
                0x00000000080012da        0x6 ./Core/Src/stm32l4xx_it.o
                0x00000000080012da                HardFault_Handler
 .text.MemManage_Handler
                0x00000000080012e0        0x6 ./Core/Src/stm32l4xx_it.o
                0x00000000080012e0                MemManage_Handler
 .text.BusFault_Handler
                0x00000000080012e6        0x6 ./Core/Src/stm32l4xx_it.o
                0x00000000080012e6                BusFault_Handler
 .text.UsageFault_Handler
                0x00000000080012ec        0x6 ./Core/Src/stm32l4xx_it.o
                0x00000000080012ec                UsageFault_Handler
 .text.SVC_Handler
                0x00000000080012f2        0xe ./Core/Src/stm32l4xx_it.o
                0x00000000080012f2                SVC_Handler
 .text.DebugMon_Handler
                0x0000000008001300        0xe ./Core/Src/stm32l4xx_it.o
                0x0000000008001300                DebugMon_Handler
 .text.PendSV_Handler
                0x000000000800130e        0xe ./Core/Src/stm32l4xx_it.o
                0x000000000800130e                PendSV_Handler
 .text.SysTick_Handler
                0x000000000800131c        0xc ./Core/Src/stm32l4xx_it.o
                0x000000000800131c                SysTick_Handler
 .text.DMA1_Channel1_IRQHandler
                0x0000000008001328       0x14 ./Core/Src/stm32l4xx_it.o
                0x0000000008001328                DMA1_Channel1_IRQHandler
 .text.EXTI15_10_IRQHandler
                0x000000000800133c       0x10 ./Core/Src/stm32l4xx_it.o
                0x000000000800133c                EXTI15_10_IRQHandler
 .text.SystemInit
                0x000000000800134c       0x24 ./Core/Src/system_stm32l4xx.o
                0x000000000800134c                SystemInit
 .text.Reset_Handler
                0x0000000008001370       0x50 ./Core/Startup/startup_stm32l476rgtx.o
                0x0000000008001370                Reset_Handler
 .text.Default_Handler
                0x00000000080013c0        0x2 ./Core/Startup/startup_stm32l476rgtx.o
                0x00000000080013c0                RTC_Alarm_IRQHandler
                0x00000000080013c0                EXTI2_IRQHandler
                0x00000000080013c0                TIM8_TRG_COM_IRQHandler
                0x00000000080013c0                TIM8_CC_IRQHandler
                0x00000000080013c0                TIM1_CC_IRQHandler
                0x00000000080013c0                TSC_IRQHandler
                0x00000000080013c0                TAMP_STAMP_IRQHandler
                0x00000000080013c0                EXTI3_IRQHandler
                0x00000000080013c0                LPTIM2_IRQHandler
                0x00000000080013c0                DFSDM1_FLT1_IRQHandler
                0x00000000080013c0                I2C3_ER_IRQHandler
                0x00000000080013c0                DFSDM1_FLT2_IRQHandler
                0x00000000080013c0                EXTI0_IRQHandler
                0x00000000080013c0                I2C2_EV_IRQHandler
                0x00000000080013c0                CAN1_RX0_IRQHandler
                0x00000000080013c0                FPU_IRQHandler
                0x00000000080013c0                TIM1_UP_TIM16_IRQHandler
                0x00000000080013c0                ADC1_2_IRQHandler
                0x00000000080013c0                SPI1_IRQHandler
                0x00000000080013c0                TIM6_DAC_IRQHandler
                0x00000000080013c0                TIM8_UP_IRQHandler
                0x00000000080013c0                DMA2_Channel2_IRQHandler
                0x00000000080013c0                DMA1_Channel4_IRQHandler
                0x00000000080013c0                SAI2_IRQHandler
                0x00000000080013c0                DFSDM1_FLT3_IRQHandler
                0x00000000080013c0                USART3_IRQHandler
                0x00000000080013c0                DMA1_Channel7_IRQHandler
                0x00000000080013c0                CAN1_RX1_IRQHandler
                0x00000000080013c0                LCD_IRQHandler
                0x00000000080013c0                UART5_IRQHandler
                0x00000000080013c0                ADC3_IRQHandler
                0x00000000080013c0                TIM4_IRQHandler
                0x00000000080013c0                DMA2_Channel1_IRQHandler
                0x00000000080013c0                QUADSPI_IRQHandler
                0x00000000080013c0                I2C1_EV_IRQHandler
                0x00000000080013c0                DMA1_Channel6_IRQHandler
                0x00000000080013c0                UART4_IRQHandler
                0x00000000080013c0                DMA2_Channel4_IRQHandler
                0x00000000080013c0                TIM3_IRQHandler
                0x00000000080013c0                RCC_IRQHandler
                0x00000000080013c0                Default_Handler
                0x00000000080013c0                DMA2_Channel7_IRQHandler
                0x00000000080013c0                TIM7_IRQHandler
                0x00000000080013c0                SDMMC1_IRQHandler
                0x00000000080013c0                TIM5_IRQHandler
                0x00000000080013c0                I2C3_EV_IRQHandler
                0x00000000080013c0                EXTI9_5_IRQHandler
                0x00000000080013c0                RTC_WKUP_IRQHandler
                0x00000000080013c0                PVD_PVM_IRQHandler
                0x00000000080013c0                SPI2_IRQHandler
                0x00000000080013c0                CAN1_TX_IRQHandler
                0x00000000080013c0                DMA2_Channel5_IRQHandler
                0x00000000080013c0                DMA1_Channel5_IRQHandler
                0x00000000080013c0                EXTI4_IRQHandler
                0x00000000080013c0                RNG_IRQHandler
                0x00000000080013c0                TIM1_TRG_COM_TIM17_IRQHandler
                0x00000000080013c0                DMA1_Channel3_IRQHandler
                0x00000000080013c0                COMP_IRQHandler
                0x00000000080013c0                WWDG_IRQHandler
                0x00000000080013c0                LPUART1_IRQHandler
                0x00000000080013c0                DMA2_Channel6_IRQHandler
                0x00000000080013c0                TIM2_IRQHandler
                0x00000000080013c0                EXTI1_IRQHandler
                0x00000000080013c0                USART2_IRQHandler
                0x00000000080013c0                DFSDM1_FLT0_IRQHandler
                0x00000000080013c0                I2C2_ER_IRQHandler
                0x00000000080013c0                DMA1_Channel2_IRQHandler
                0x00000000080013c0                TIM8_BRK_IRQHandler
                0x00000000080013c0                CAN1_SCE_IRQHandler
                0x00000000080013c0                FLASH_IRQHandler
                0x00000000080013c0                USART1_IRQHandler
                0x00000000080013c0                OTG_FS_IRQHandler
                0x00000000080013c0                SPI3_IRQHandler
                0x00000000080013c0                I2C1_ER_IRQHandler
                0x00000000080013c0                FMC_IRQHandler
                0x00000000080013c0                SWPMI1_IRQHandler
                0x00000000080013c0                LPTIM1_IRQHandler
                0x00000000080013c0                SAI1_IRQHandler
                0x00000000080013c0                DMA2_Channel3_IRQHandler
                0x00000000080013c0                TIM1_BRK_TIM15_IRQHandler
 *fill*         0x00000000080013c2        0x2 
 .text.HAL_Init
                0x00000000080013c4       0x40 ./Drivers/STM32L4xx_HAL_Driver/Src/stm32l4xx_hal.o
                0x00000000080013c4                HAL_Init
 .text.HAL_InitTick
                0x0000000008001404       0x78 ./Drivers/STM32L4xx_HAL_Driver/Src/stm32l4xx_hal.o
                0x0000000008001404                HAL_InitTick
 .text.HAL_IncTick
                0x000000000800147c       0x28 ./Drivers/STM32L4xx_HAL_Driver/Src/stm32l4xx_hal.o
                0x000000000800147c                HAL_IncTick
 .text.HAL_GetTick
                0x00000000080014a4       0x18 ./Drivers/STM32L4xx_HAL_Driver/Src/stm32l4xx_hal.o
                0x00000000080014a4                HAL_GetTick
 .text.HAL_Delay
                0x00000000080014bc       0x48 ./Drivers/STM32L4xx_HAL_Driver/Src/stm32l4xx_hal.o
                0x00000000080014bc                HAL_Delay
 .text.LL_ADC_SetCommonClock
                0x0000000008001504       0x26 ./Drivers/STM32L4xx_HAL_Driver/Src/stm32l4xx_hal_adc.o
 .text.LL_ADC_SetCommonPathInternalCh
                0x000000000800152a       0x26 ./Drivers/STM32L4xx_HAL_Driver/Src/stm32l4xx_hal_adc.o
 .text.LL_ADC_GetCommonPathInternalCh
                0x0000000008001550       0x1c ./Drivers/STM32L4xx_HAL_Driver/Src/stm32l4xx_hal_adc.o
 .text.LL_ADC_SetOffset
                0x000000000800156c       0x48 ./Drivers/STM32L4xx_HAL_Driver/Src/stm32l4xx_hal_adc.o
 .text.LL_ADC_GetOffsetChannel
                0x00000000080015b4       0x2c ./Drivers/STM32L4xx_HAL_Driver/Src/stm32l4xx_hal_adc.o
 .text.LL_ADC_SetOffsetState
                0x00000000080015e0       0x36 ./Drivers/STM32L4xx_HAL_Driver/Src/stm32l4xx_hal_adc.o
 .text.LL_ADC_REG_IsTriggerSourceSWStart
                0x0000000008001616       0x26 ./Drivers/STM32L4xx_HAL_Driver/Src/stm32l4xx_hal_adc.o
 .text.LL_ADC_REG_SetSequencerRanks
                0x000000000800163c       0x58 ./Drivers/STM32L4xx_HAL_Driver/Src/stm32l4xx_hal_adc.o
 .text.LL_ADC_SetChannelSamplingTime
                0x0000000008001694       0x56 ./Drivers/STM32L4xx_HAL_Driver/Src/stm32l4xx_hal_adc.o
 *fill*         0x00000000080016ea        0x2 
 .text.LL_ADC_SetChannelSingleDiff
                0x00000000080016ec       0x48 ./Drivers/STM32L4xx_HAL_Driver/Src/stm32l4xx_hal_adc.o
 .text.LL_ADC_GetMultimode
                0x0000000008001734       0x1c ./Drivers/STM32L4xx_HAL_Driver/Src/stm32l4xx_hal_adc.o
 .text.LL_ADC_DisableDeepPowerDown
                0x0000000008001750       0x24 ./Drivers/STM32L4xx_HAL_Driver/Src/stm32l4xx_hal_adc.o
 .text.LL_ADC_IsDeepPowerDownEnabled
                0x0000000008001774       0x28 ./Drivers/STM32L4xx_HAL_Driver/Src/stm32l4xx_hal_adc.o
 .text.LL_ADC_EnableInternalRegulator
                0x000000000800179c       0x28 ./Drivers/STM32L4xx_HAL_Driver/Src/stm32l4xx_hal_adc.o
 .text.LL_ADC_IsInternalRegulatorEnabled
                0x00000000080017c4       0x28 ./Drivers/STM32L4xx_HAL_Driver/Src/stm32l4xx_hal_adc.o
 .text.LL_ADC_Enable
                0x00000000080017ec       0x28 ./Drivers/STM32L4xx_HAL_Driver/Src/stm32l4xx_hal_adc.o
 .text.LL_ADC_IsEnabled
                0x0000000008001814       0x26 ./Drivers/STM32L4xx_HAL_Driver/Src/stm32l4xx_hal_adc.o
 .text.LL_ADC_REG_StartConversion
                0x000000000800183a       0x28 ./Drivers/STM32L4xx_HAL_Driver/Src/stm32l4xx_hal_adc.o
 .text.LL_ADC_REG_IsConversionOngoing
                0x0000000008001862       0x26 ./Drivers/STM32L4xx_HAL_Driver/Src/stm32l4xx_hal_adc.o
 .text.LL_ADC_INJ_IsConversionOngoing
                0x0000000008001888       0x26 ./Drivers/STM32L4xx_HAL_Driver/Src/stm32l4xx_hal_adc.o
 *fill*         0x00000000080018ae        0x2 
 .text.HAL_ADC_Init
                0x00000000080018b0      0x2ac ./Drivers/STM32L4xx_HAL_Driver/Src/stm32l4xx_hal_adc.o
                0x00000000080018b0                HAL_ADC_Init
 .text.HAL_ADC_Start_DMA
                0x0000000008001b5c      0x178 ./Drivers/STM32L4xx_HAL_Driver/Src/stm32l4xx_hal_adc.o
                0x0000000008001b5c                HAL_ADC_Start_DMA
 .text.HAL_ADC_ConvHalfCpltCallback
                0x0000000008001cd4       0x14 ./Drivers/STM32L4xx_HAL_Driver/Src/stm32l4xx_hal_adc.o
                0x0000000008001cd4                HAL_ADC_ConvHalfCpltCallback
 .text.HAL_ADC_ErrorCallback
                0x0000000008001ce8       0x14 ./Drivers/STM32L4xx_HAL_Driver/Src/stm32l4xx_hal_adc.o
                0x0000000008001ce8                HAL_ADC_ErrorCallback
 .text.HAL_ADC_ConfigChannel
                0x0000000008001cfc      0x7e0 ./Drivers/STM32L4xx_HAL_Driver/Src/stm32l4xx_hal_adc.o
                0x0000000008001cfc                HAL_ADC_ConfigChannel
 .text.ADC_Enable
                0x00000000080024dc      0x10c ./Drivers/STM32L4xx_HAL_Driver/Src/stm32l4xx_hal_adc.o
                0x00000000080024dc                ADC_Enable
 .text.ADC_DMAConvCplt
                0x00000000080025e8       0xd8 ./Drivers/STM32L4xx_HAL_Driver/Src/stm32l4xx_hal_adc.o
                0x00000000080025e8                ADC_DMAConvCplt
 .text.ADC_DMAHalfConvCplt
                0x00000000080026c0       0x1c ./Drivers/STM32L4xx_HAL_Driver/Src/stm32l4xx_hal_adc.o
                0x00000000080026c0                ADC_DMAHalfConvCplt
 .text.ADC_DMAError
                0x00000000080026dc       0x34 ./Drivers/STM32L4xx_HAL_Driver/Src/stm32l4xx_hal_adc.o
                0x00000000080026dc                ADC_DMAError
 .text.LL_ADC_IsEnabled
                0x0000000008002710       0x26 ./Drivers/STM32L4xx_HAL_Driver/Src/stm32l4xx_hal_adc_ex.o
 .text.LL_ADC_REG_IsConversionOngoing
                0x0000000008002736       0x26 ./Drivers/STM32L4xx_HAL_Driver/Src/stm32l4xx_hal_adc_ex.o
 .text.HAL_ADCEx_MultiModeConfigChannel
                0x000000000800275c      0x160 ./Drivers/STM32L4xx_HAL_Driver/Src/stm32l4xx_hal_adc_ex.o
                0x000000000800275c                HAL_ADCEx_MultiModeConfigChannel
 .text.__NVIC_SetPriorityGrouping
                0x00000000080028bc       0x48 ./Drivers/STM32L4xx_HAL_Driver/Src/stm32l4xx_hal_cortex.o
 .text.__NVIC_GetPriorityGrouping
                0x0000000008002904       0x1c ./Drivers/STM32L4xx_HAL_Driver/Src/stm32l4xx_hal_cortex.o
 .text.__NVIC_EnableIRQ
                0x0000000008002920       0x3c ./Drivers/STM32L4xx_HAL_Driver/Src/stm32l4xx_hal_cortex.o
 .text.__NVIC_SetPriority
                0x000000000800295c       0x54 ./Drivers/STM32L4xx_HAL_Driver/Src/stm32l4xx_hal_cortex.o
 .text.NVIC_EncodePriority
                0x00000000080029b0       0x66 ./Drivers/STM32L4xx_HAL_Driver/Src/stm32l4xx_hal_cortex.o
 *fill*         0x0000000008002a16        0x2 
 .text.SysTick_Config
                0x0000000008002a18       0x44 ./Drivers/STM32L4xx_HAL_Driver/Src/stm32l4xx_hal_cortex.o
 .text.HAL_NVIC_SetPriorityGrouping
                0x0000000008002a5c       0x16 ./Drivers/STM32L4xx_HAL_Driver/Src/stm32l4xx_hal_cortex.o
                0x0000000008002a5c                HAL_NVIC_SetPriorityGrouping
 .text.HAL_NVIC_SetPriority
                0x0000000008002a72       0x38 ./Drivers/STM32L4xx_HAL_Driver/Src/stm32l4xx_hal_cortex.o
                0x0000000008002a72                HAL_NVIC_SetPriority
 .text.HAL_NVIC_EnableIRQ
                0x0000000008002aaa       0x1c ./Drivers/STM32L4xx_HAL_Driver/Src/stm32l4xx_hal_cortex.o
                0x0000000008002aaa                HAL_NVIC_EnableIRQ
 .text.HAL_SYSTICK_Config
                0x0000000008002ac6       0x18 ./Drivers/STM32L4xx_HAL_Driver/Src/stm32l4xx_hal_cortex.o
                0x0000000008002ac6                HAL_SYSTICK_Config
 *fill*         0x0000000008002ade        0x2 
 .text.HAL_DMA_Init
                0x0000000008002ae0      0x170 ./Drivers/STM32L4xx_HAL_Driver/Src/stm32l4xx_hal_dma.o
                0x0000000008002ae0                HAL_DMA_Init
 .text.HAL_DMA_Start_IT
                0x0000000008002c50       0xc0 ./Drivers/STM32L4xx_HAL_Driver/Src/stm32l4xx_hal_dma.o
                0x0000000008002c50                HAL_DMA_Start_IT
 .text.HAL_DMA_IRQHandler
                0x0000000008002d10      0x15e ./Drivers/STM32L4xx_HAL_Driver/Src/stm32l4xx_hal_dma.o
                0x0000000008002d10                HAL_DMA_IRQHandler
 .text.DMA_SetConfig
                0x0000000008002e6e       0x60 ./Drivers/STM32L4xx_HAL_Driver/Src/stm32l4xx_hal_dma.o
 *fill*         0x0000000008002ece        0x2 
 .text.HAL_GPIO_Init
                0x0000000008002ed0      0x354 ./Drivers/STM32L4xx_HAL_Driver/Src/stm32l4xx_hal_gpio.o
                0x0000000008002ed0                HAL_GPIO_Init
 .text.HAL_GPIO_ReadPin
                0x0000000008003224       0x30 ./Drivers/STM32L4xx_HAL_Driver/Src/stm32l4xx_hal_gpio.o
                0x0000000008003224                HAL_GPIO_ReadPin
 .text.HAL_GPIO_WritePin
                0x0000000008003254       0x30 ./Drivers/STM32L4xx_HAL_Driver/Src/stm32l4xx_hal_gpio.o
                0x0000000008003254                HAL_GPIO_WritePin
 .text.HAL_GPIO_EXTI_IRQHandler
                0x0000000008003284       0x30 ./Drivers/STM32L4xx_HAL_Driver/Src/stm32l4xx_hal_gpio.o
                0x0000000008003284                HAL_GPIO_EXTI_IRQHandler
 .text.HAL_PWREx_GetVoltageRange
                0x00000000080032b4       0x1c ./Drivers/STM32L4xx_HAL_Driver/Src/stm32l4xx_hal_pwr_ex.o
                0x00000000080032b4                HAL_PWREx_GetVoltageRange
 .text.HAL_PWREx_ControlVoltageScaling
                0x00000000080032d0       0xac ./Drivers/STM32L4xx_HAL_Driver/Src/stm32l4xx_hal_pwr_ex.o
                0x00000000080032d0                HAL_PWREx_ControlVoltageScaling
 .text.HAL_RCC_OscConfig
                0x000000000800337c      0x7b8 ./Drivers/STM32L4xx_HAL_Driver/Src/stm32l4xx_hal_rcc.o
                0x000000000800337c                HAL_RCC_OscConfig
 .text.HAL_RCC_ClockConfig
                0x0000000008003b34      0x200 ./Drivers/STM32L4xx_HAL_Driver/Src/stm32l4xx_hal_rcc.o
                0x0000000008003b34                HAL_RCC_ClockConfig
 .text.HAL_RCC_GetSysClockFreq
                0x0000000008003d34      0x118 ./Drivers/STM32L4xx_HAL_Driver/Src/stm32l4xx_hal_rcc.o
                0x0000000008003d34                HAL_RCC_GetSysClockFreq
 .text.RCC_SetFlashLatencyFromMSIRange
                0x0000000008003e4c       0xc0 ./Drivers/STM32L4xx_HAL_Driver/Src/stm32l4xx_hal_rcc.o
 .text.HAL_RCCEx_PeriphCLKConfig
                0x0000000008003f0c      0x5d4 ./Drivers/STM32L4xx_HAL_Driver/Src/stm32l4xx_hal_rcc_ex.o
                0x0000000008003f0c                HAL_RCCEx_PeriphCLKConfig
 .text.RCCEx_PLLSAI1_Config
                0x00000000080044e0      0x1e8 ./Drivers/STM32L4xx_HAL_Driver/Src/stm32l4xx_hal_rcc_ex.o
 .text.RCCEx_PLLSAI2_Config
                0x00000000080046c8      0x1bc ./Drivers/STM32L4xx_HAL_Driver/Src/stm32l4xx_hal_rcc_ex.o
 .text.HAL_SPI_Init
                0x0000000008004884      0x146 ./Drivers/STM32L4xx_HAL_Driver/Src/stm32l4xx_hal_spi.o
                0x0000000008004884                HAL_SPI_Init
 .text.HAL_SPI_TransmitReceive
                0x00000000080049ca      0x426 ./Drivers/STM32L4xx_HAL_Driver/Src/stm32l4xx_hal_spi.o
                0x00000000080049ca                HAL_SPI_TransmitReceive
 .text.SPI_WaitFlagStateUntilTimeout
                0x0000000008004df0      0x110 ./Drivers/STM32L4xx_HAL_Driver/Src/stm32l4xx_hal_spi.o
 .text.SPI_WaitFifoStateUntilTimeout
                0x0000000008004f00      0x12c ./Drivers/STM32L4xx_HAL_Driver/Src/stm32l4xx_hal_spi.o
 .text.SPI_EndRxTxTransaction
                0x000000000800502c       0x8c ./Drivers/STM32L4xx_HAL_Driver/Src/stm32l4xx_hal_spi.o
 .text.HAL_TIM_Base_Init
                0x00000000080050b8       0xae ./Drivers/STM32L4xx_HAL_Driver/Src/stm32l4xx_hal_tim.o
                0x00000000080050b8                HAL_TIM_Base_Init
 .text.HAL_TIM_PWM_Init
                0x0000000008005166       0xae ./Drivers/STM32L4xx_HAL_Driver/Src/stm32l4xx_hal_tim.o
                0x0000000008005166                HAL_TIM_PWM_Init
 .text.HAL_TIM_PWM_MspInit
                0x0000000008005214       0x14 ./Drivers/STM32L4xx_HAL_Driver/Src/stm32l4xx_hal_tim.o
                0x0000000008005214                HAL_TIM_PWM_MspInit
 .text.HAL_TIM_PWM_Start
                0x0000000008005228      0x20c ./Drivers/STM32L4xx_HAL_Driver/Src/stm32l4xx_hal_tim.o
                0x0000000008005228                HAL_TIM_PWM_Start
 .text.HAL_TIM_PWM_ConfigChannel
                0x0000000008005434      0x228 ./Drivers/STM32L4xx_HAL_Driver/Src/stm32l4xx_hal_tim.o
                0x0000000008005434                HAL_TIM_PWM_ConfigChannel
 .text.HAL_TIM_ConfigClockSource
                0x000000000800565c      0x192 ./Drivers/STM32L4xx_HAL_Driver/Src/stm32l4xx_hal_tim.o
                0x000000000800565c                HAL_TIM_ConfigClockSource
 *fill*         0x00000000080057ee        0x2 
 .text.TIM_Base_SetConfig
                0x00000000080057f0      0x134 ./Drivers/STM32L4xx_HAL_Driver/Src/stm32l4xx_hal_tim.o
                0x00000000080057f0                TIM_Base_SetConfig
 .text.TIM_OC1_SetConfig
                0x0000000008005924      0x120 ./Drivers/STM32L4xx_HAL_Driver/Src/stm32l4xx_hal_tim.o
 .text.TIM_OC2_SetConfig
                0x0000000008005a44      0x114 ./Drivers/STM32L4xx_HAL_Driver/Src/stm32l4xx_hal_tim.o
                0x0000000008005a44                TIM_OC2_SetConfig
 .text.TIM_OC3_SetConfig
                0x0000000008005b58      0x110 ./Drivers/STM32L4xx_HAL_Driver/Src/stm32l4xx_hal_tim.o
 .text.TIM_OC4_SetConfig
                0x0000000008005c68       0xd4 ./Drivers/STM32L4xx_HAL_Driver/Src/stm32l4xx_hal_tim.o
 .text.TIM_OC5_SetConfig
                0x0000000008005d3c       0xc8 ./Drivers/STM32L4xx_HAL_Driver/Src/stm32l4xx_hal_tim.o
 .text.TIM_OC6_SetConfig
                0x0000000008005e04       0xcc ./Drivers/STM32L4xx_HAL_Driver/Src/stm32l4xx_hal_tim.o
 .text.TIM_TI1_ConfigInputStage
                0x0000000008005ed0       0x5e ./Drivers/STM32L4xx_HAL_Driver/Src/stm32l4xx_hal_tim.o
 .text.TIM_TI2_ConfigInputStage
                0x0000000008005f2e       0x60 ./Drivers/STM32L4xx_HAL_Driver/Src/stm32l4xx_hal_tim.o
 .text.TIM_ITRx_SetConfig
                0x0000000008005f8e       0x36 ./Drivers/STM32L4xx_HAL_Driver/Src/stm32l4xx_hal_tim.o
 .text.TIM_ETR_SetConfig
                0x0000000008005fc4       0x40 ./Drivers/STM32L4xx_HAL_Driver/Src/stm32l4xx_hal_tim.o
                0x0000000008005fc4                TIM_ETR_SetConfig
 .text.TIM_CCxChannelCmd
                0x0000000008006004       0x4a ./Drivers/STM32L4xx_HAL_Driver/Src/stm32l4xx_hal_tim.o
                0x0000000008006004                TIM_CCxChannelCmd
 *fill*         0x000000000800604e        0x2 
 .text.HAL_TIMEx_MasterConfigSynchronization
                0x0000000008006050      0x110 ./Drivers/STM32L4xx_HAL_Driver/Src/stm32l4xx_hal_tim_ex.o
                0x0000000008006050                HAL_TIMEx_MasterConfigSynchronization
 .text.HAL_TIMEx_ConfigBreakDeadTime
                0x0000000008006160       0xfc ./Drivers/STM32L4xx_HAL_Driver/Src/stm32l4xx_hal_tim_ex.o
                0x0000000008006160                HAL_TIMEx_ConfigBreakDeadTime
 .text.__libc_init_array
                0x000000000800625c       0x48 d:/stm32/stm32cubeide/stm32cubeide_1.12.1/stm32cubeide/plugins/com.st.stm32cube.ide.mcu.externaltools.gnu-tools-for-stm32.10.3-2021.10.win32_1.0.200.202301161003/tools/bin/../lib/gcc/arm-none-eabi/10.3.1/../../../../arm-none-eabi/lib/thumb/v7e-m+fp/hard\libc_nano.a(lib_a-init.o)
                0x000000000800625c                __libc_init_array
 .text.memset   0x00000000080062a4       0x10 d:/stm32/stm32cubeide/stm32cubeide_1.12.1/stm32cubeide/plugins/com.st.stm32cube.ide.mcu.externaltools.gnu-tools-for-stm32.10.3-2021.10.win32_1.0.200.202301161003/tools/bin/../lib/gcc/arm-none-eabi/10.3.1/../../../../arm-none-eabi/lib/thumb/v7e-m+fp/hard\libc_nano.a(lib_a-memset.o)
                0x00000000080062a4                memset
 *(.glue_7)
 .glue_7        0x00000000080062b4        0x0 linker stubs
 *(.glue_7t)
 .glue_7t       0x00000000080062b4        0x0 linker stubs
 *(.eh_frame)
 .eh_frame      0x00000000080062b4        0x0 d:/stm32/stm32cubeide/stm32cubeide_1.12.1/stm32cubeide/plugins/com.st.stm32cube.ide.mcu.externaltools.gnu-tools-for-stm32.10.3-2021.10.win32_1.0.200.202301161003/tools/bin/../lib/gcc/arm-none-eabi/10.3.1/thumb/v7e-m+fp/hard/crtbegin.o
 *(.init)
 .init          0x00000000080062b4        0x4 d:/stm32/stm32cubeide/stm32cubeide_1.12.1/stm32cubeide/plugins/com.st.stm32cube.ide.mcu.externaltools.gnu-tools-for-stm32.10.3-2021.10.win32_1.0.200.202301161003/tools/bin/../lib/gcc/arm-none-eabi/10.3.1/thumb/v7e-m+fp/hard/crti.o
                0x00000000080062b4                _init
 .init          0x00000000080062b8        0x8 d:/stm32/stm32cubeide/stm32cubeide_1.12.1/stm32cubeide/plugins/com.st.stm32cube.ide.mcu.externaltools.gnu-tools-for-stm32.10.3-2021.10.win32_1.0.200.202301161003/tools/bin/../lib/gcc/arm-none-eabi/10.3.1/thumb/v7e-m+fp/hard/crtn.o
 *(.fini)
 .fini          0x00000000080062c0        0x4 d:/stm32/stm32cubeide/stm32cubeide_1.12.1/stm32cubeide/plugins/com.st.stm32cube.ide.mcu.externaltools.gnu-tools-for-stm32.10.3-2021.10.win32_1.0.200.202301161003/tools/bin/../lib/gcc/arm-none-eabi/10.3.1/thumb/v7e-m+fp/hard/crti.o
                0x00000000080062c0                _fini
 .fini          0x00000000080062c4        0x8 d:/stm32/stm32cubeide/stm32cubeide_1.12.1/stm32cubeide/plugins/com.st.stm32cube.ide.mcu.externaltools.gnu-tools-for-stm32.10.3-2021.10.win32_1.0.200.202301161003/tools/bin/../lib/gcc/arm-none-eabi/10.3.1/thumb/v7e-m+fp/hard/crtn.o
                0x00000000080062cc                . = ALIGN (0x4)
                0x00000000080062cc                _etext = .

.vfp11_veneer   0x00000000080062cc        0x0
 .vfp11_veneer  0x00000000080062cc        0x0 linker stubs

.v4_bx          0x00000000080062cc        0x0
 .v4_bx         0x00000000080062cc        0x0 linker stubs

.iplt           0x00000000080062cc        0x0
 .iplt          0x00000000080062cc        0x0 d:/stm32/stm32cubeide/stm32cubeide_1.12.1/stm32cubeide/plugins/com.st.stm32cube.ide.mcu.externaltools.gnu-tools-for-stm32.10.3-2021.10.win32_1.0.200.202301161003/tools/bin/../lib/gcc/arm-none-eabi/10.3.1/thumb/v7e-m+fp/hard/crtbegin.o

.rodata         0x00000000080062cc       0x40
                0x00000000080062cc                . = ALIGN (0x4)
 *(.rodata)
 *(.rodata*)
 .rodata.AHBPrescTable
                0x00000000080062cc       0x10 ./Core/Src/system_stm32l4xx.o
                0x00000000080062cc                AHBPrescTable
 .rodata.MSIRangeTable
                0x00000000080062dc       0x30 ./Core/Src/system_stm32l4xx.o
                0x00000000080062dc                MSIRangeTable
                0x000000000800630c                . = ALIGN (0x4)

.rel.dyn        0x000000000800630c        0x0
 .rel.iplt      0x000000000800630c        0x0 d:/stm32/stm32cubeide/stm32cubeide_1.12.1/stm32cubeide/plugins/com.st.stm32cube.ide.mcu.externaltools.gnu-tools-for-stm32.10.3-2021.10.win32_1.0.200.202301161003/tools/bin/../lib/gcc/arm-none-eabi/10.3.1/thumb/v7e-m+fp/hard/crtbegin.o

.ARM.extab      0x000000000800630c        0x0
                0x000000000800630c                . = ALIGN (0x4)
 *(.ARM.extab* .gnu.linkonce.armextab.*)
                0x000000000800630c                . = ALIGN (0x4)

.ARM            0x000000000800630c        0x0
                0x000000000800630c                . = ALIGN (0x4)
                0x000000000800630c                __exidx_start = .
 *(.ARM.exidx*)
                0x000000000800630c                __exidx_end = .
                0x000000000800630c                . = ALIGN (0x4)

.preinit_array  0x000000000800630c        0x0
                0x000000000800630c                . = ALIGN (0x4)
                0x000000000800630c                PROVIDE (__preinit_array_start = .)
 *(.preinit_array*)
                0x000000000800630c                PROVIDE (__preinit_array_end = .)
                0x000000000800630c                . = ALIGN (0x4)

.init_array     0x000000000800630c        0x4
                0x000000000800630c                . = ALIGN (0x4)
                0x000000000800630c                PROVIDE (__init_array_start = .)
 *(SORT_BY_NAME(.init_array.*))
 *(.init_array*)
 .init_array    0x000000000800630c        0x4 d:/stm32/stm32cubeide/stm32cubeide_1.12.1/stm32cubeide/plugins/com.st.stm32cube.ide.mcu.externaltools.gnu-tools-for-stm32.10.3-2021.10.win32_1.0.200.202301161003/tools/bin/../lib/gcc/arm-none-eabi/10.3.1/thumb/v7e-m+fp/hard/crtbegin.o
                0x0000000008006310                PROVIDE (__init_array_end = .)
                0x0000000008006310                . = ALIGN (0x4)

.fini_array     0x0000000008006310        0x4
                0x0000000008006310                . = ALIGN (0x4)
                [!provide]                        PROVIDE (__fini_array_start = .)
 *(SORT_BY_NAME(.fini_array.*))
 *(.fini_array*)
 .fini_array    0x0000000008006310        0x4 d:/stm32/stm32cubeide/stm32cubeide_1.12.1/stm32cubeide/plugins/com.st.stm32cube.ide.mcu.externaltools.gnu-tools-for-stm32.10.3-2021.10.win32_1.0.200.202301161003/tools/bin/../lib/gcc/arm-none-eabi/10.3.1/thumb/v7e-m+fp/hard/crtbegin.o
                [!provide]                        PROVIDE (__fini_array_end = .)
                0x0000000008006314                . = ALIGN (0x4)
                0x0000000008006314                _sidata = LOADADDR (.data)

.data           0x0000000020000000       0x20 load address 0x0000000008006314
                0x0000000020000000                . = ALIGN (0x4)
                0x0000000020000000                _sdata = .
 *(.data)
 *(.data*)
 .data.KEY      0x0000000020000000        0x6 ./Core/Src/main.o
                0x0000000020000000                KEY
 *fill*         0x0000000020000006        0x2 
 .data.W        0x0000000020000008        0xc ./Core/Src/main.o
                0x0000000020000008                W
 .data.SystemCoreClock
                0x0000000020000014        0x4 ./Core/Src/system_stm32l4xx.o
                0x0000000020000014                SystemCoreClock
 .data.uwTickPrio
                0x0000000020000018        0x4 ./Drivers/STM32L4xx_HAL_Driver/Src/stm32l4xx_hal.o
                0x0000000020000018                uwTickPrio
 .data.uwTickFreq
                0x000000002000001c        0x1 ./Drivers/STM32L4xx_HAL_Driver/Src/stm32l4xx_hal.o
                0x000000002000001c                uwTickFreq
 *(.RamFunc)
 *(.RamFunc*)
                0x0000000020000020                . = ALIGN (0x4)
 *fill*         0x000000002000001d        0x3 
                0x0000000020000020                _edata = .

.igot.plt       0x0000000020000020        0x0 load address 0x0000000008006334
 .igot.plt      0x0000000020000020        0x0 d:/stm32/stm32cubeide/stm32cubeide_1.12.1/stm32cubeide/plugins/com.st.stm32cube.ide.mcu.externaltools.gnu-tools-for-stm32.10.3-2021.10.win32_1.0.200.202301161003/tools/bin/../lib/gcc/arm-none-eabi/10.3.1/thumb/v7e-m+fp/hard/crtbegin.o
                0x0000000020000020                . = ALIGN (0x4)

.bss            0x0000000020000020      0x1bc load address 0x0000000008006334
                0x0000000020000020                _sbss = .
                0x0000000020000020                __bss_start__ = _sbss
 *(.bss)
 .bss           0x0000000020000020       0x1c d:/stm32/stm32cubeide/stm32cubeide_1.12.1/stm32cubeide/plugins/com.st.stm32cube.ide.mcu.externaltools.gnu-tools-for-stm32.10.3-2021.10.win32_1.0.200.202301161003/tools/bin/../lib/gcc/arm-none-eabi/10.3.1/thumb/v7e-m+fp/hard/crtbegin.o
 *(.bss*)
 .bss.hadc1     0x000000002000003c       0x64 ./Core/Src/main.o
                0x000000002000003c                hadc1
 .bss.hdma_adc1
                0x00000000200000a0       0x48 ./Core/Src/main.o
                0x00000000200000a0                hdma_adc1
 .bss.hspi1     0x00000000200000e8       0x64 ./Core/Src/main.o
                0x00000000200000e8                hspi1
 .bss.htim1     0x000000002000014c       0x4c ./Core/Src/main.o
                0x000000002000014c                htim1
 .bss.status    0x0000000020000198        0x1 ./Core/Src/main.o
                0x0000000020000198                status
 *fill*         0x0000000020000199        0x3 
 .bss.str       0x000000002000019c       0x10 ./Core/Src/main.o
                0x000000002000019c                str
 .bss.serNum    0x00000000200001ac        0x5 ./Core/Src/main.o
                0x00000000200001ac                serNum
 .bss.test      0x00000000200001b1        0x1 ./Core/Src/main.o
                0x00000000200001b1                test
 *fill*         0x00000000200001b2        0x2 
 .bss.R         0x00000000200001b4       0x10 ./Core/Src/main.o
                0x00000000200001b4                R
 .bss.data      0x00000000200001c4        0x8 ./Core/Src/main.o
                0x00000000200001c4                data
 .bss.adcbuffer
                0x00000000200001cc        0x8 ./Core/Src/main.o
                0x00000000200001cc                adcbuffer
 .bss.mode      0x00000000200001d4        0x1 ./Core/Src/main.o
                0x00000000200001d4                mode
 *fill*         0x00000000200001d5        0x3 
 .bss.uwTick    0x00000000200001d8        0x4 ./Drivers/STM32L4xx_HAL_Driver/Src/stm32l4xx_hal.o
                0x00000000200001d8                uwTick
 *(COMMON)
                0x00000000200001dc                . = ALIGN (0x4)
                0x00000000200001dc                _ebss = .
                0x00000000200001dc                __bss_end__ = _ebss

._user_heap_stack
                0x00000000200001dc      0x604 load address 0x0000000008006334
                0x00000000200001e0                . = ALIGN (0x8)
 *fill*         0x00000000200001dc        0x4 
                [!provide]                        PROVIDE (end = .)
                0x00000000200001e0                PROVIDE (_end = .)
                0x00000000200003e0                . = (. + _Min_Heap_Size)
 *fill*         0x00000000200001e0      0x200 
                0x00000000200007e0                . = (. + _Min_Stack_Size)
 *fill*         0x00000000200003e0      0x400 
                0x00000000200007e0                . = ALIGN (0x8)

/DISCARD/
 libc.a(*)
 libm.a(*)
 libgcc.a(*)

.ARM.attributes
                0x0000000000000000       0x30
 *(.ARM.attributes)
 .ARM.attributes
                0x0000000000000000       0x1e d:/stm32/stm32cubeide/stm32cubeide_1.12.1/stm32cubeide/plugins/com.st.stm32cube.ide.mcu.externaltools.gnu-tools-for-stm32.10.3-2021.10.win32_1.0.200.202301161003/tools/bin/../lib/gcc/arm-none-eabi/10.3.1/thumb/v7e-m+fp/hard/crti.o
 .ARM.attributes
                0x000000000000001e       0x34 d:/stm32/stm32cubeide/stm32cubeide_1.12.1/stm32cubeide/plugins/com.st.stm32cube.ide.mcu.externaltools.gnu-tools-for-stm32.10.3-2021.10.win32_1.0.200.202301161003/tools/bin/../lib/gcc/arm-none-eabi/10.3.1/thumb/v7e-m+fp/hard/crtbegin.o
 .ARM.attributes
                0x0000000000000052       0x34 ./Core/Src/main.o
 .ARM.attributes
                0x0000000000000086       0x34 ./Core/Src/stm32f1_rc522.o
 .ARM.attributes
                0x00000000000000ba       0x34 ./Core/Src/stm32l4xx_hal_msp.o
 .ARM.attributes
                0x00000000000000ee       0x34 ./Core/Src/stm32l4xx_it.o
 .ARM.attributes
                0x0000000000000122       0x34 ./Core/Src/system_stm32l4xx.o
 .ARM.attributes
                0x0000000000000156       0x21 ./Core/Startup/startup_stm32l476rgtx.o
 .ARM.attributes
                0x0000000000000177       0x34 ./Drivers/STM32L4xx_HAL_Driver/Src/stm32l4xx_hal.o
 .ARM.attributes
                0x00000000000001ab       0x34 ./Drivers/STM32L4xx_HAL_Driver/Src/stm32l4xx_hal_adc.o
 .ARM.attributes
                0x00000000000001df       0x34 ./Drivers/STM32L4xx_HAL_Driver/Src/stm32l4xx_hal_adc_ex.o
 .ARM.attributes
                0x0000000000000213       0x34 ./Drivers/STM32L4xx_HAL_Driver/Src/stm32l4xx_hal_cortex.o
 .ARM.attributes
                0x0000000000000247       0x34 ./Drivers/STM32L4xx_HAL_Driver/Src/stm32l4xx_hal_dma.o
 .ARM.attributes
                0x000000000000027b       0x34 ./Drivers/STM32L4xx_HAL_Driver/Src/stm32l4xx_hal_gpio.o
 .ARM.attributes
                0x00000000000002af       0x34 ./Drivers/STM32L4xx_HAL_Driver/Src/stm32l4xx_hal_pwr_ex.o
 .ARM.attributes
                0x00000000000002e3       0x34 ./Drivers/STM32L4xx_HAL_Driver/Src/stm32l4xx_hal_rcc.o
 .ARM.attributes
                0x0000000000000317       0x34 ./Drivers/STM32L4xx_HAL_Driver/Src/stm32l4xx_hal_rcc_ex.o
 .ARM.attributes
                0x000000000000034b       0x34 ./Drivers/STM32L4xx_HAL_Driver/Src/stm32l4xx_hal_spi.o
 .ARM.attributes
                0x000000000000037f       0x34 ./Drivers/STM32L4xx_HAL_Driver/Src/stm32l4xx_hal_tim.o
 .ARM.attributes
                0x00000000000003b3       0x34 ./Drivers/STM32L4xx_HAL_Driver/Src/stm32l4xx_hal_tim_ex.o
 .ARM.attributes
                0x00000000000003e7       0x34 d:/stm32/stm32cubeide/stm32cubeide_1.12.1/stm32cubeide/plugins/com.st.stm32cube.ide.mcu.externaltools.gnu-tools-for-stm32.10.3-2021.10.win32_1.0.200.202301161003/tools/bin/../lib/gcc/arm-none-eabi/10.3.1/../../../../arm-none-eabi/lib/thumb/v7e-m+fp/hard\libc_nano.a(lib_a-init.o)
 .ARM.attributes
                0x000000000000041b       0x34 d:/stm32/stm32cubeide/stm32cubeide_1.12.1/stm32cubeide/plugins/com.st.stm32cube.ide.mcu.externaltools.gnu-tools-for-stm32.10.3-2021.10.win32_1.0.200.202301161003/tools/bin/../lib/gcc/arm-none-eabi/10.3.1/../../../../arm-none-eabi/lib/thumb/v7e-m+fp/hard\libc_nano.a(lib_a-memset.o)
 .ARM.attributes
                0x000000000000044f       0x1e d:/stm32/stm32cubeide/stm32cubeide_1.12.1/stm32cubeide/plugins/com.st.stm32cube.ide.mcu.externaltools.gnu-tools-for-stm32.10.3-2021.10.win32_1.0.200.202301161003/tools/bin/../lib/gcc/arm-none-eabi/10.3.1/thumb/v7e-m+fp/hard/crtn.o
OUTPUT(Dining_Hall_Registration_project.elf elf32-littlearm)
LOAD linker stubs
LOAD d:/stm32/stm32cubeide/stm32cubeide_1.12.1/stm32cubeide/plugins/com.st.stm32cube.ide.mcu.externaltools.gnu-tools-for-stm32.10.3-2021.10.win32_1.0.200.202301161003/tools/bin/../lib/gcc/arm-none-eabi/10.3.1/../../../../arm-none-eabi/lib/thumb/v7e-m+fp/hard\libc.a
LOAD d:/stm32/stm32cubeide/stm32cubeide_1.12.1/stm32cubeide/plugins/com.st.stm32cube.ide.mcu.externaltools.gnu-tools-for-stm32.10.3-2021.10.win32_1.0.200.202301161003/tools/bin/../lib/gcc/arm-none-eabi/10.3.1/../../../../arm-none-eabi/lib/thumb/v7e-m+fp/hard\libm.a
LOAD d:/stm32/stm32cubeide/stm32cubeide_1.12.1/stm32cubeide/plugins/com.st.stm32cube.ide.mcu.externaltools.gnu-tools-for-stm32.10.3-2021.10.win32_1.0.200.202301161003/tools/bin/../lib/gcc/arm-none-eabi/10.3.1/thumb/v7e-m+fp/hard\libgcc.a

.debug_info     0x0000000000000000    0x130e8
 .debug_info    0x0000000000000000     0x1e02 ./Core/Src/main.o
 .debug_info    0x0000000000001e02      0xce7 ./Core/Src/stm32f1_rc522.o
 .debug_info    0x0000000000002ae9     0x15d6 ./Core/Src/stm32l4xx_hal_msp.o
 .debug_info    0x00000000000040bf      0x3ef ./Core/Src/stm32l4xx_it.o
 .debug_info    0x00000000000044ae      0x5c6 ./Core/Src/system_stm32l4xx.o
 .debug_info    0x0000000000004a74       0x22 ./Core/Startup/startup_stm32l476rgtx.o
 .debug_info    0x0000000000004a96      0xc57 ./Drivers/STM32L4xx_HAL_Driver/Src/stm32l4xx_hal.o
 .debug_info    0x00000000000056ed     0x1e84 ./Drivers/STM32L4xx_HAL_Driver/Src/stm32l4xx_hal_adc.o
 .debug_info    0x0000000000007571     0x1beb ./Drivers/STM32L4xx_HAL_Driver/Src/stm32l4xx_hal_adc_ex.o
 .debug_info    0x000000000000915c      0xe21 ./Drivers/STM32L4xx_HAL_Driver/Src/stm32l4xx_hal_cortex.o
 .debug_info    0x0000000000009f7d      0x76a ./Drivers/STM32L4xx_HAL_Driver/Src/stm32l4xx_hal_dma.o
 .debug_info    0x000000000000a6e7      0x821 ./Drivers/STM32L4xx_HAL_Driver/Src/stm32l4xx_hal_gpio.o
 .debug_info    0x000000000000af08      0x9f0 ./Drivers/STM32L4xx_HAL_Driver/Src/stm32l4xx_hal_pwr_ex.o
 .debug_info    0x000000000000b8f8      0xced ./Drivers/STM32L4xx_HAL_Driver/Src/stm32l4xx_hal_rcc.o
 .debug_info    0x000000000000c5e5      0xe92 ./Drivers/STM32L4xx_HAL_Driver/Src/stm32l4xx_hal_rcc_ex.o
 .debug_info    0x000000000000d477     0x1782 ./Drivers/STM32L4xx_HAL_Driver/Src/stm32l4xx_hal_spi.o
 .debug_info    0x000000000000ebf9     0x2d04 ./Drivers/STM32L4xx_HAL_Driver/Src/stm32l4xx_hal_tim.o
 .debug_info    0x00000000000118fd     0x17eb ./Drivers/STM32L4xx_HAL_Driver/Src/stm32l4xx_hal_tim_ex.o

.debug_abbrev   0x0000000000000000     0x273a
 .debug_abbrev  0x0000000000000000      0x309 ./Core/Src/main.o
 .debug_abbrev  0x0000000000000309      0x284 ./Core/Src/stm32f1_rc522.o
 .debug_abbrev  0x000000000000058d      0x23e ./Core/Src/stm32l4xx_hal_msp.o
 .debug_abbrev  0x00000000000007cb      0x15f ./Core/Src/stm32l4xx_it.o
 .debug_abbrev  0x000000000000092a      0x116 ./Core/Src/system_stm32l4xx.o
 .debug_abbrev  0x0000000000000a40       0x12 ./Core/Startup/startup_stm32l476rgtx.o
 .debug_abbrev  0x0000000000000a52      0x23a ./Drivers/STM32L4xx_HAL_Driver/Src/stm32l4xx_hal.o
 .debug_abbrev  0x0000000000000c8c      0x2bf ./Drivers/STM32L4xx_HAL_Driver/Src/stm32l4xx_hal_adc.o
 .debug_abbrev  0x0000000000000f4b      0x2da ./Drivers/STM32L4xx_HAL_Driver/Src/stm32l4xx_hal_adc_ex.o
 .debug_abbrev  0x0000000000001225      0x316 ./Drivers/STM32L4xx_HAL_Driver/Src/stm32l4xx_hal_cortex.o
 .debug_abbrev  0x000000000000153b      0x1d7 ./Drivers/STM32L4xx_HAL_Driver/Src/stm32l4xx_hal_dma.o
 .debug_abbrev  0x0000000000001712      0x1bb ./Drivers/STM32L4xx_HAL_Driver/Src/stm32l4xx_hal_gpio.o
 .debug_abbrev  0x00000000000018cd      0x1f3 ./Drivers/STM32L4xx_HAL_Driver/Src/stm32l4xx_hal_pwr_ex.o
 .debug_abbrev  0x0000000000001ac0      0x2bd ./Drivers/STM32L4xx_HAL_Driver/Src/stm32l4xx_hal_rcc.o
 .debug_abbrev  0x0000000000001d7d      0x299 ./Drivers/STM32L4xx_HAL_Driver/Src/stm32l4xx_hal_rcc_ex.o
 .debug_abbrev  0x0000000000002016      0x254 ./Drivers/STM32L4xx_HAL_Driver/Src/stm32l4xx_hal_spi.o
 .debug_abbrev  0x000000000000226a      0x264 ./Drivers/STM32L4xx_HAL_Driver/Src/stm32l4xx_hal_tim.o
 .debug_abbrev  0x00000000000024ce      0x26c ./Drivers/STM32L4xx_HAL_Driver/Src/stm32l4xx_hal_tim_ex.o

.debug_aranges  0x0000000000000000     0x12f8
 .debug_aranges
                0x0000000000000000       0x68 ./Core/Src/main.o
 .debug_aranges
                0x0000000000000068       0xa8 ./Core/Src/stm32f1_rc522.o
 .debug_aranges
                0x0000000000000110       0x58 ./Core/Src/stm32l4xx_hal_msp.o
 .debug_aranges
                0x0000000000000168       0x70 ./Core/Src/stm32l4xx_it.o
 .debug_aranges
                0x00000000000001d8       0x28 ./Core/Src/system_stm32l4xx.o
 .debug_aranges
                0x0000000000000200       0x28 ./Core/Startup/startup_stm32l476rgtx.o
 .debug_aranges
                0x0000000000000228      0x130 ./Drivers/STM32L4xx_HAL_Driver/Src/stm32l4xx_hal.o
 .debug_aranges
                0x0000000000000358      0x220 ./Drivers/STM32L4xx_HAL_Driver/Src/stm32l4xx_hal_adc.o
 .debug_aranges
                0x0000000000000578      0x1a8 ./Drivers/STM32L4xx_HAL_Driver/Src/stm32l4xx_hal_adc_ex.o
 .debug_aranges
                0x0000000000000720      0x118 ./Drivers/STM32L4xx_HAL_Driver/Src/stm32l4xx_hal_cortex.o
 .debug_aranges
                0x0000000000000838       0x80 ./Drivers/STM32L4xx_HAL_Driver/Src/stm32l4xx_hal_dma.o
 .debug_aranges
                0x00000000000008b8       0x58 ./Drivers/STM32L4xx_HAL_Driver/Src/stm32l4xx_hal_gpio.o
 .debug_aranges
                0x0000000000000910      0x160 ./Drivers/STM32L4xx_HAL_Driver/Src/stm32l4xx_hal_pwr_ex.o
 .debug_aranges
                0x0000000000000a70       0x90 ./Drivers/STM32L4xx_HAL_Driver/Src/stm32l4xx_hal_rcc.o
 .debug_aranges
                0x0000000000000b00       0xc0 ./Drivers/STM32L4xx_HAL_Driver/Src/stm32l4xx_hal_rcc_ex.o
 .debug_aranges
                0x0000000000000bc0      0x1d8 ./Drivers/STM32L4xx_HAL_Driver/Src/stm32l4xx_hal_spi.o
 .debug_aranges
                0x0000000000000d98      0x3e0 ./Drivers/STM32L4xx_HAL_Driver/Src/stm32l4xx_hal_tim.o
 .debug_aranges
                0x0000000000001178      0x180 ./Drivers/STM32L4xx_HAL_Driver/Src/stm32l4xx_hal_tim_ex.o

.debug_ranges   0x0000000000000000     0x11e0
 .debug_ranges  0x0000000000000000       0x58 ./Core/Src/main.o
 .debug_ranges  0x0000000000000058       0x98 ./Core/Src/stm32f1_rc522.o
 .debug_ranges  0x00000000000000f0       0x48 ./Core/Src/stm32l4xx_hal_msp.o
 .debug_ranges  0x0000000000000138       0x60 ./Core/Src/stm32l4xx_it.o
 .debug_ranges  0x0000000000000198       0x18 ./Core/Src/system_stm32l4xx.o
 .debug_ranges  0x00000000000001b0       0x20 ./Core/Startup/startup_stm32l476rgtx.o
 .debug_ranges  0x00000000000001d0      0x120 ./Drivers/STM32L4xx_HAL_Driver/Src/stm32l4xx_hal.o
 .debug_ranges  0x00000000000002f0      0x210 ./Drivers/STM32L4xx_HAL_Driver/Src/stm32l4xx_hal_adc.o
 .debug_ranges  0x0000000000000500      0x198 ./Drivers/STM32L4xx_HAL_Driver/Src/stm32l4xx_hal_adc_ex.o
 .debug_ranges  0x0000000000000698      0x108 ./Drivers/STM32L4xx_HAL_Driver/Src/stm32l4xx_hal_cortex.o
 .debug_ranges  0x00000000000007a0       0x70 ./Drivers/STM32L4xx_HAL_Driver/Src/stm32l4xx_hal_dma.o
 .debug_ranges  0x0000000000000810       0x48 ./Drivers/STM32L4xx_HAL_Driver/Src/stm32l4xx_hal_gpio.o
 .debug_ranges  0x0000000000000858      0x150 ./Drivers/STM32L4xx_HAL_Driver/Src/stm32l4xx_hal_pwr_ex.o
 .debug_ranges  0x00000000000009a8       0x80 ./Drivers/STM32L4xx_HAL_Driver/Src/stm32l4xx_hal_rcc.o
 .debug_ranges  0x0000000000000a28       0xb0 ./Drivers/STM32L4xx_HAL_Driver/Src/stm32l4xx_hal_rcc_ex.o
 .debug_ranges  0x0000000000000ad8      0x1c8 ./Drivers/STM32L4xx_HAL_Driver/Src/stm32l4xx_hal_spi.o
 .debug_ranges  0x0000000000000ca0      0x3d0 ./Drivers/STM32L4xx_HAL_Driver/Src/stm32l4xx_hal_tim.o
 .debug_ranges  0x0000000000001070      0x170 ./Drivers/STM32L4xx_HAL_Driver/Src/stm32l4xx_hal_tim_ex.o

.debug_macro    0x0000000000000000    0x28d95
 .debug_macro   0x0000000000000000      0x38f ./Core/Src/main.o
 .debug_macro   0x000000000000038f      0xa78 ./Core/Src/main.o
 .debug_macro   0x0000000000000e07      0x1ad ./Core/Src/main.o
 .debug_macro   0x0000000000000fb4       0x2e ./Core/Src/main.o
 .debug_macro   0x0000000000000fe2       0x28 ./Core/Src/main.o
 .debug_macro   0x000000000000100a       0x22 ./Core/Src/main.o
 .debug_macro   0x000000000000102c       0x8e ./Core/Src/main.o
 .debug_macro   0x00000000000010ba       0x51 ./Core/Src/main.o
 .debug_macro   0x000000000000110b      0x103 ./Core/Src/main.o
 .debug_macro   0x000000000000120e       0x6a ./Core/Src/main.o
 .debug_macro   0x0000000000001278      0x1df ./Core/Src/main.o
 .debug_macro   0x0000000000001457       0x1c ./Core/Src/main.o
 .debug_macro   0x0000000000001473       0x22 ./Core/Src/main.o
 .debug_macro   0x0000000000001495       0xfb ./Core/Src/main.o
 .debug_macro   0x0000000000001590     0x1011 ./Core/Src/main.o
 .debug_macro   0x00000000000025a1      0x11f ./Core/Src/main.o
 .debug_macro   0x00000000000026c0    0x1a17a ./Core/Src/main.o
 .debug_macro   0x000000000001c83a       0x6d ./Core/Src/main.o
 .debug_macro   0x000000000001c8a7     0x38e6 ./Core/Src/main.o
 .debug_macro   0x000000000002018d      0x174 ./Core/Src/main.o
 .debug_macro   0x0000000000020301       0x5c ./Core/Src/main.o
 .debug_macro   0x000000000002035d     0x159e ./Core/Src/main.o
 .debug_macro   0x00000000000218fb      0x5a5 ./Core/Src/main.o
 .debug_macro   0x0000000000021ea0      0x1b9 ./Core/Src/main.o
 .debug_macro   0x0000000000022059      0x18b ./Core/Src/main.o
 .debug_macro   0x00000000000221e4      0x26b ./Core/Src/main.o
 .debug_macro   0x000000000002244f      0x23d ./Core/Src/main.o
 .debug_macro   0x000000000002268c      0xf8a ./Core/Src/main.o
 .debug_macro   0x0000000000023616      0x632 ./Core/Src/main.o
 .debug_macro   0x0000000000023c48      0x30c ./Core/Src/main.o
 .debug_macro   0x0000000000023f54      0x241 ./Core/Src/main.o
 .debug_macro   0x0000000000024195      0x37c ./Core/Src/main.o
 .debug_macro   0x0000000000024511       0xd6 ./Core/Src/main.o
 .debug_macro   0x00000000000245e7      0x122 ./Core/Src/main.o
 .debug_macro   0x0000000000024709      0x3ef ./Core/Src/main.o
 .debug_macro   0x0000000000024af8      0x2fe ./Core/Src/main.o
 .debug_macro   0x0000000000024df6      0xa91 ./Core/Src/main.o
 .debug_macro   0x0000000000025887      0x1e6 ./Core/Src/main.o
 .debug_macro   0x0000000000025a6d      0x330 ./Core/Src/main.o
 .debug_macro   0x0000000000025d9d       0x28 ./Core/Src/main.o
 .debug_macro   0x0000000000025dc5       0x52 ./Core/Src/main.o
 .debug_macro   0x0000000000025e17       0x1e ./Core/Src/main.o
 .debug_macro   0x0000000000025e35       0x3c ./Core/Src/main.o
 .debug_macro   0x0000000000025e71       0x34 ./Core/Src/main.o
 .debug_macro   0x0000000000025ea5       0x16 ./Core/Src/main.o
 .debug_macro   0x0000000000025ebb       0x35 ./Core/Src/main.o
 .debug_macro   0x0000000000025ef0      0x341 ./Core/Src/main.o
 .debug_macro   0x0000000000026231       0x10 ./Core/Src/main.o
 .debug_macro   0x0000000000026241       0x16 ./Core/Src/main.o
 .debug_macro   0x0000000000026257       0x43 ./Core/Src/main.o
 .debug_macro   0x000000000002629a       0x34 ./Core/Src/main.o
 .debug_macro   0x00000000000262ce       0x10 ./Core/Src/main.o
 .debug_macro   0x00000000000262de       0x58 ./Core/Src/main.o
 .debug_macro   0x0000000000026336       0x71 ./Core/Src/main.o
 .debug_macro   0x00000000000263a7       0x1c ./Core/Src/main.o
 .debug_macro   0x00000000000263c3      0x12a ./Core/Src/main.o
 .debug_macro   0x00000000000264ed       0x10 ./Core/Src/main.o
 .debug_macro   0x00000000000264fd       0x1c ./Core/Src/main.o
 .debug_macro   0x0000000000026519       0x52 ./Core/Src/main.o
 .debug_macro   0x000000000002656b       0x22 ./Core/Src/main.o
 .debug_macro   0x000000000002658d       0x10 ./Core/Src/main.o
 .debug_macro   0x000000000002659d       0x52 ./Core/Src/main.o
 .debug_macro   0x00000000000265ef       0xd5 ./Core/Src/main.o
 .debug_macro   0x00000000000266c4       0x1c ./Core/Src/main.o
 .debug_macro   0x00000000000266e0       0x3d ./Core/Src/main.o
 .debug_macro   0x000000000002671d       0x16 ./Core/Src/main.o
 .debug_macro   0x0000000000026733      0x145 ./Core/Src/main.o
 .debug_macro   0x0000000000026878      0x223 ./Core/Src/main.o
 .debug_macro   0x0000000000026a9b       0x16 ./Core/Src/main.o
 .debug_macro   0x0000000000026ab1       0x20 ./Core/Src/main.o
 .debug_macro   0x0000000000026ad1      0x1ed ./Core/Src/stm32f1_rc522.o
 .debug_macro   0x0000000000026cbe      0x330 ./Core/Src/stm32f1_rc522.o
 .debug_macro   0x0000000000026fee      0x1f3 ./Core/Src/stm32l4xx_hal_msp.o
 .debug_macro   0x00000000000271e1      0x1fd ./Core/Src/stm32l4xx_it.o
 .debug_macro   0x00000000000273de      0x1e4 ./Core/Src/system_stm32l4xx.o
 .debug_macro   0x00000000000275c2      0x232 ./Drivers/STM32L4xx_HAL_Driver/Src/stm32l4xx_hal.o
 .debug_macro   0x00000000000277f4      0x201 ./Drivers/STM32L4xx_HAL_Driver/Src/stm32l4xx_hal_adc.o
 .debug_macro   0x00000000000279f5      0x1f0 ./Drivers/STM32L4xx_HAL_Driver/Src/stm32l4xx_hal_adc_ex.o
 .debug_macro   0x0000000000027be5      0x1e4 ./Drivers/STM32L4xx_HAL_Driver/Src/stm32l4xx_hal_cortex.o
 .debug_macro   0x0000000000027dc9      0x1e4 ./Drivers/STM32L4xx_HAL_Driver/Src/stm32l4xx_hal_dma.o
 .debug_macro   0x0000000000027fad      0x1eb ./Drivers/STM32L4xx_HAL_Driver/Src/stm32l4xx_hal_gpio.o
 .debug_macro   0x0000000000028198      0x208 ./Drivers/STM32L4xx_HAL_Driver/Src/stm32l4xx_hal_pwr_ex.o
 .debug_macro   0x00000000000283a0      0x226 ./Drivers/STM32L4xx_HAL_Driver/Src/stm32l4xx_hal_rcc.o
 .debug_macro   0x00000000000285c6      0x21a ./Drivers/STM32L4xx_HAL_Driver/Src/stm32l4xx_hal_rcc_ex.o
 .debug_macro   0x00000000000287e0      0x1ec ./Drivers/STM32L4xx_HAL_Driver/Src/stm32l4xx_hal_spi.o
 .debug_macro   0x00000000000289cc      0x1e5 ./Drivers/STM32L4xx_HAL_Driver/Src/stm32l4xx_hal_tim.o
 .debug_macro   0x0000000000028bb1      0x1e4 ./Drivers/STM32L4xx_HAL_Driver/Src/stm32l4xx_hal_tim_ex.o

.debug_line     0x0000000000000000    0x14a39
 .debug_line    0x0000000000000000      0xe26 ./Core/Src/main.o
 .debug_line    0x0000000000000e26      0xca2 ./Core/Src/stm32f1_rc522.o
 .debug_line    0x0000000000001ac8      0x8bc ./Core/Src/stm32l4xx_hal_msp.o
 .debug_line    0x0000000000002384      0x86c ./Core/Src/stm32l4xx_it.o
 .debug_line    0x0000000000002bf0      0x811 ./Core/Src/system_stm32l4xx.o
 .debug_line    0x0000000000003401       0x88 ./Core/Startup/startup_stm32l476rgtx.o
 .debug_line    0x0000000000003489      0xb6a ./Drivers/STM32L4xx_HAL_Driver/Src/stm32l4xx_hal.o
 .debug_line    0x0000000000003ff3     0x1ed8 ./Drivers/STM32L4xx_HAL_Driver/Src/stm32l4xx_hal_adc.o
 .debug_line    0x0000000000005ecb     0x18eb ./Drivers/STM32L4xx_HAL_Driver/Src/stm32l4xx_hal_adc_ex.o
 .debug_line    0x00000000000077b6      0xd10 ./Drivers/STM32L4xx_HAL_Driver/Src/stm32l4xx_hal_cortex.o
 .debug_line    0x00000000000084c6      0xd48 ./Drivers/STM32L4xx_HAL_Driver/Src/stm32l4xx_hal_dma.o
 .debug_line    0x000000000000920e      0xbdd ./Drivers/STM32L4xx_HAL_Driver/Src/stm32l4xx_hal_gpio.o
 .debug_line    0x0000000000009deb      0xd61 ./Drivers/STM32L4xx_HAL_Driver/Src/stm32l4xx_hal_pwr_ex.o
 .debug_line    0x000000000000ab4c      0xfe3 ./Drivers/STM32L4xx_HAL_Driver/Src/stm32l4xx_hal_rcc.o
 .debug_line    0x000000000000bb2f     0x1522 ./Drivers/STM32L4xx_HAL_Driver/Src/stm32l4xx_hal_rcc_ex.o
 .debug_line    0x000000000000d051     0x1fa3 ./Drivers/STM32L4xx_HAL_Driver/Src/stm32l4xx_hal_spi.o
 .debug_line    0x000000000000eff4     0x3dd6 ./Drivers/STM32L4xx_HAL_Driver/Src/stm32l4xx_hal_tim.o
 .debug_line    0x0000000000012dca     0x1c6f ./Drivers/STM32L4xx_HAL_Driver/Src/stm32l4xx_hal_tim_ex.o

.debug_str      0x0000000000000000   0x1031d9
 .debug_str     0x0000000000000000    0xfe9ef ./Core/Src/main.o
                                      0xff119 (size before relaxing)
 .debug_str     0x00000000000fe9ef      0x1a9 ./Core/Src/stm32f1_rc522.o
                                      0xfa205 (size before relaxing)
 .debug_str     0x00000000000feb98      0x350 ./Core/Src/stm32l4xx_hal_msp.o
                                      0xfa536 (size before relaxing)
 .debug_str     0x00000000000feee8      0x123 ./Core/Src/stm32l4xx_it.o
                                      0xf991c (size before relaxing)
 .debug_str     0x00000000000ff00b       0xf2 ./Core/Src/system_stm32l4xx.o
                                      0xf97ba (size before relaxing)
 .debug_str     0x00000000000ff0fd       0x36 ./Core/Startup/startup_stm32l476rgtx.o
                                         0x6f (size before relaxing)
 .debug_str     0x00000000000ff133      0x697 ./Drivers/STM32L4xx_HAL_Driver/Src/stm32l4xx_hal.o
                                      0xfa3b9 (size before relaxing)
 .debug_str     0x00000000000ff7ca      0xa69 ./Drivers/STM32L4xx_HAL_Driver/Src/stm32l4xx_hal_adc.o
                                      0xfa619 (size before relaxing)
 .debug_str     0x0000000000100233      0x631 ./Drivers/STM32L4xx_HAL_Driver/Src/stm32l4xx_hal_adc_ex.o
                                      0xfa59e (size before relaxing)
 .debug_str     0x0000000000100864      0x331 ./Drivers/STM32L4xx_HAL_Driver/Src/stm32l4xx_hal_cortex.o
                                      0xfa001 (size before relaxing)
 .debug_str     0x0000000000100b95      0x20a ./Drivers/STM32L4xx_HAL_Driver/Src/stm32l4xx_hal_dma.o
                                      0xf9a24 (size before relaxing)
 .debug_str     0x0000000000100d9f       0xd9 ./Drivers/STM32L4xx_HAL_Driver/Src/stm32l4xx_hal_gpio.o
                                      0xf9933 (size before relaxing)
 .debug_str     0x0000000000100e78      0x4d3 ./Drivers/STM32L4xx_HAL_Driver/Src/stm32l4xx_hal_pwr_ex.o
                                      0xf9d15 (size before relaxing)
 .debug_str     0x000000000010134b      0x345 ./Drivers/STM32L4xx_HAL_Driver/Src/stm32l4xx_hal_rcc.o
                                      0xf9e00 (size before relaxing)
 .debug_str     0x0000000000101690      0x3bf ./Drivers/STM32L4xx_HAL_Driver/Src/stm32l4xx_hal_rcc_ex.o
                                      0xf9f79 (size before relaxing)
 .debug_str     0x0000000000101a4f      0x564 ./Drivers/STM32L4xx_HAL_Driver/Src/stm32l4xx_hal_spi.o
                                      0xf9fdb (size before relaxing)
 .debug_str     0x0000000000101fb3      0xd81 ./Drivers/STM32L4xx_HAL_Driver/Src/stm32l4xx_hal_tim.o
                                      0xfaaea (size before relaxing)
 .debug_str     0x0000000000102d34      0x4a5 ./Drivers/STM32L4xx_HAL_Driver/Src/stm32l4xx_hal_tim_ex.o
                                      0xfa40e (size before relaxing)

.comment        0x0000000000000000       0x50
 .comment       0x0000000000000000       0x50 ./Core/Src/main.o
                                         0x51 (size before relaxing)
 .comment       0x0000000000000050       0x51 ./Core/Src/stm32f1_rc522.o
 .comment       0x0000000000000050       0x51 ./Core/Src/stm32l4xx_hal_msp.o
 .comment       0x0000000000000050       0x51 ./Core/Src/stm32l4xx_it.o
 .comment       0x0000000000000050       0x51 ./Core/Src/system_stm32l4xx.o
 .comment       0x0000000000000050       0x51 ./Drivers/STM32L4xx_HAL_Driver/Src/stm32l4xx_hal.o
 .comment       0x0000000000000050       0x51 ./Drivers/STM32L4xx_HAL_Driver/Src/stm32l4xx_hal_adc.o
 .comment       0x0000000000000050       0x51 ./Drivers/STM32L4xx_HAL_Driver/Src/stm32l4xx_hal_adc_ex.o
 .comment       0x0000000000000050       0x51 ./Drivers/STM32L4xx_HAL_Driver/Src/stm32l4xx_hal_cortex.o
 .comment       0x0000000000000050       0x51 ./Drivers/STM32L4xx_HAL_Driver/Src/stm32l4xx_hal_dma.o
 .comment       0x0000000000000050       0x51 ./Drivers/STM32L4xx_HAL_Driver/Src/stm32l4xx_hal_gpio.o
 .comment       0x0000000000000050       0x51 ./Drivers/STM32L4xx_HAL_Driver/Src/stm32l4xx_hal_pwr_ex.o
 .comment       0x0000000000000050       0x51 ./Drivers/STM32L4xx_HAL_Driver/Src/stm32l4xx_hal_rcc.o
 .comment       0x0000000000000050       0x51 ./Drivers/STM32L4xx_HAL_Driver/Src/stm32l4xx_hal_rcc_ex.o
 .comment       0x0000000000000050       0x51 ./Drivers/STM32L4xx_HAL_Driver/Src/stm32l4xx_hal_spi.o
 .comment       0x0000000000000050       0x51 ./Drivers/STM32L4xx_HAL_Driver/Src/stm32l4xx_hal_tim.o
 .comment       0x0000000000000050       0x51 ./Drivers/STM32L4xx_HAL_Driver/Src/stm32l4xx_hal_tim_ex.o

.debug_frame    0x0000000000000000     0x5100
 .debug_frame   0x0000000000000000      0x168 ./Core/Src/main.o
 .debug_frame   0x0000000000000168      0x288 ./Core/Src/stm32f1_rc522.o
 .debug_frame   0x00000000000003f0      0x140 ./Core/Src/stm32l4xx_hal_msp.o
 .debug_frame   0x0000000000000530      0x13c ./Core/Src/stm32l4xx_it.o
 .debug_frame   0x000000000000066c       0x58 ./Core/Src/system_stm32l4xx.o
 .debug_frame   0x00000000000006c4      0x498 ./Drivers/STM32L4xx_HAL_Driver/Src/stm32l4xx_hal.o
 .debug_frame   0x0000000000000b5c      0xa04 ./Drivers/STM32L4xx_HAL_Driver/Src/stm32l4xx_hal_adc.o
 .debug_frame   0x0000000000001560      0x7a4 ./Drivers/STM32L4xx_HAL_Driver/Src/stm32l4xx_hal_adc_ex.o
 .debug_frame   0x0000000000001d04      0x498 ./Drivers/STM32L4xx_HAL_Driver/Src/stm32l4xx_hal_cortex.o
 .debug_frame   0x000000000000219c      0x204 ./Drivers/STM32L4xx_HAL_Driver/Src/stm32l4xx_hal_dma.o
 .debug_frame   0x00000000000023a0      0x14c ./Drivers/STM32L4xx_HAL_Driver/Src/stm32l4xx_hal_gpio.o
 .debug_frame   0x00000000000024ec      0x584 ./Drivers/STM32L4xx_HAL_Driver/Src/stm32l4xx_hal_pwr_ex.o
 .debug_frame   0x0000000000002a70      0x21c ./Drivers/STM32L4xx_HAL_Driver/Src/stm32l4xx_hal_rcc.o
 .debug_frame   0x0000000000002c8c      0x2fc ./Drivers/STM32L4xx_HAL_Driver/Src/stm32l4xx_hal_rcc_ex.o
 .debug_frame   0x0000000000002f88      0x860 ./Drivers/STM32L4xx_HAL_Driver/Src/stm32l4xx_hal_spi.o
 .debug_frame   0x00000000000037e8     0x121c ./Drivers/STM32L4xx_HAL_Driver/Src/stm32l4xx_hal_tim.o
 .debug_frame   0x0000000000004a04      0x6b0 ./Drivers/STM32L4xx_HAL_Driver/Src/stm32l4xx_hal_tim_ex.o
 .debug_frame   0x00000000000050b4       0x2c d:/stm32/stm32cubeide/stm32cubeide_1.12.1/stm32cubeide/plugins/com.st.stm32cube.ide.mcu.externaltools.gnu-tools-for-stm32.10.3-2021.10.win32_1.0.200.202301161003/tools/bin/../lib/gcc/arm-none-eabi/10.3.1/../../../../arm-none-eabi/lib/thumb/v7e-m+fp/hard\libc_nano.a(lib_a-init.o)
 .debug_frame   0x00000000000050e0       0x20 d:/stm32/stm32cubeide/stm32cubeide_1.12.1/stm32cubeide/plugins/com.st.stm32cube.ide.mcu.externaltools.gnu-tools-for-stm32.10.3-2021.10.win32_1.0.200.202301161003/tools/bin/../lib/gcc/arm-none-eabi/10.3.1/../../../../arm-none-eabi/lib/thumb/v7e-m+fp/hard\libc_nano.a(lib_a-memset.o)
