../Core/Src/main.c:81:6:HAL_GPIO_EXTI_Callback	16	static
../Core/Src/main.c:90:6:HAL_ADC_ConvCpltCallback	16	static
../Core/Src/main.c:109:5:main	16	static
../Core/Src/main.c:229:6:SystemClock_Config	96	static
../Core/Src/main.c:279:13:MX_ADC1_Init	48	static
../Core/Src/main.c:355:13:MX_SPI1_Init	8	static
../Core/Src/main.c:395:13:MX_TIM1_Init	112	static
../Core/Src/main.c:473:13:MX_DMA_Init	16	static
../Core/Src/main.c:491:13:MX_GPIO_Init	48	static
../Core/Src/main.c:559:6:Error_Handler	4	static,ignoring_inline_asm
